[acr-transcode] 源 fangwenyi-dev/amd64-huijian-voice@sha256:07ded7209fba: 17 层，config 18089B
[acr-transcode]   ↑ layer0 21MB→26MB: 8388608/28253769B
[acr-transcode]   ↑ layer0 21MB→26MB: 16777216/28253769B
[acr-transcode]   ↑ layer0 21MB→26MB: 25165824/28253769B
[acr-transcode]   ↑ layer0 21MB→26MB: 28253769/28253769B
[acr-transcode]   blob 完成: layer0 21MB→26MB (28253769B)
[acr-transcode]   ↑ layer1 8MB→9MB: 8388608/10213508B
[acr-transcode]   ↑ layer1 8MB→9MB: 10213508/10213508B
[acr-transcode]   blob 完成: layer1 8MB→9MB (10213508B)
[acr-transcode]   ↑ layer2 0MB→0MB: 395/395B
[acr-transcode]   blob 完成: layer2 0MB→0MB (395B)
[acr-transcode]   ↑ layer3 0MB→0MB: 1815/1815B
[acr-transcode]   blob 完成: layer3 0MB→0MB (1815B)
[acr-transcode]   ↑ layer4 25MB→30MB: 8388608/32366148B
[acr-transcode]   ↑ layer4 25MB→30MB: 16777216/32366148B
[acr-transcode]   ↑ layer4 25MB→30MB: 25165824/32366148B
[acr-transcode]   ↑ layer4 25MB→30MB: 32366148/32366148B
[acr-transcode]   blob 完成: layer4 25MB→30MB (32366148B)
[acr-transcode]   ↑ layer5 0MB→0MB: 1067/1067B
[acr-transcode]   blob 完成: layer5 0MB→0MB (1067B)
[acr-transcode]   ↑ layer6 67MB→75MB: 8388608/79592924B
[acr-transcode]   ↑ layer6 67MB→75MB: 16777216/79592924B
[acr-transcode]   ↑ layer6 67MB→75MB: 25165824/79592924B
[acr-transcode]   ↑ layer6 67MB→75MB: 33554432/79592924B
[acr-transcode]   ↑ layer6 67MB→75MB: 41943040/79592924B
[acr-transcode]   ↑ layer6 67MB→75MB: 50331648/79592924B
[acr-transcode]   ↑ layer6 67MB→75MB: 58720256/79592924B
[acr-transcode]   ↑ layer6 67MB→75MB: 67108864/79592924B
[acr-transcode]   ↑ layer6 67MB→75MB: 75497472/79592924B
[acr-transcode]   ↑ layer6 67MB→75MB: 79592924/79592924B
[acr-transcode]   blob 完成: layer6 67MB→75MB (79592924B)
[acr-transcode]   ↑ layer7 0MB→0MB: 55423/55423B
[acr-transcode]   blob 完成: layer7 0MB→0MB (55423B)
[acr-transcode]   ↑ layer8 0MB→0MB: 1561/1561B
[acr-transcode]   blob 完成: layer8 0MB→0MB (1561B)
[acr-transcode]   ↑ layer9 1MB→1MB: 1745713/1745713B
[acr-transcode]   blob 完成: layer9 1MB→1MB (1745713B)
[acr-transcode]   ↑ layer10 0MB→0MB: 283882/283882B
[acr-transcode]   blob 完成: layer10 0MB→0MB (283882B)
[acr-transcode]   ↑ layer11 0MB→0MB: 9418/9418B
[acr-transcode]   blob 完成: layer11 0MB→0MB (9418B)
[acr-transcode]   ↑ layer12 0MB→0MB: 1684/1684B
[acr-transcode]   blob 完成: layer12 0MB→0MB (1684B)
[acr-transcode]   ↑ layer13 0MB→0MB: 844/844B
[acr-transcode]   blob 完成: layer13 0MB→0MB (844B)
[acr-transcode]   ↑ layer14 0MB→0MB: 215/215B
[acr-transcode]   blob 完成: layer14 0MB→0MB (215B)
[acr-transcode]   ↑ layer15 0MB→0MB: 1444/1444B
[acr-transcode]   blob 完成: layer15 0MB→0MB (1444B)
[acr-transcode]   ↑ layer16 0MB→0MB: 29/29B
[acr-transcode]   blob 完成: layer16 0MB→0MB (29B)
[acr-transcode]   blob 已存在（秒传）: config
[acr-transcode]   manifest 已推: fangwenyi-dev/huijian-gateway-plugin-yy@1.0.1-tr-amd64
sha256:4e4d3718b74bbb8d4f18747b27c706c8078429b07a69715f2612cc614812d264
[acr-transcode] ✅ 转码完成 crpi-92gcrmsz8v7vvdy1.cn-shanghai.personal.cr.aliyuncs.com/fangwenyi-dev/huijian-gateway-plugin-yy:1.0.1-tr-amd64 → sha256:4e4d3718b74bbb8d4f18747b27c706c8078429b07a69715f2612cc614812d264
